// Vitest Snapshot v1, https://vitest.dev/guide/snapshot.html

exports[`<AvatarOverlay > renders a overlay avatar 1`] = `
<div
  className="account__avatar-overlay"
  onMouseEnter={[Function]}
  onMouseLeave={[Function]}
  style={
    {
      "height": 35,
      "width": 35,
    }
  }
>
  <div
    className="account__avatar-overlay-base"
  >
    <div
      className="account__avatar"
      style={
        {
          "height": "28px",
          "width": "28px",
        }
      }
    >
      <img
        alt="alice"
        src="/static/alice.jpg"
      />
    </div>
  </div>
  <div
    className="account__avatar-overlay-overlay"
  >
    <div
      className="account__avatar"
      style={
        {
          "height": "18px",
          "width": "18px",
        }
      }
    >
      <img
        alt="eve@blackhat.lair"
        src="/static/eve.jpg"
      />
    </div>
  </div>
</div>
`;
