// Jest Snapshot v1, https://goo.gl/fbAQLP

exports[`<AvatarOverlay renders a overlay avatar 1`] = `
<div
  className="account__avatar-overlay"
>
  <div
    className="account__avatar-overlay-base"
    data-avatar-of="@alice"
    style={
      Object {
        "backgroundImage": "url(/static/alice.jpg)",
      }
    }
  />
  <div
    className="account__avatar-overlay-overlay"
    data-avatar-of="@eve@blackhat.lair"
    style={
      Object {
        "backgroundImage": "url(/static/eve.jpg)",
      }
    }
  />
</div>
`;
