// Jest Snapshot v1, https://goo.gl/fbAQLP

exports[`<AvatarOverlay renders a overlay avatar 1`] = `
<div
  className="account__avatar-overlay"
  onMouseEnter={[Function]}
  onMouseLeave={[Function]}
  style={
    {
      "height": 46,
      "width": 46,
    }
  }
>
  <div
    className="account__avatar-overlay-base"
  >
    <div
      className="account__avatar"
      style={
        {
          "height": "36px",
          "width": "36px",
        }
      }
    >
      <img
        alt="alice"
        src="/static/alice.jpg"
      />
    </div>
  </div>
  <div
    className="account__avatar-overlay-overlay"
  >
    <div
      className="account__avatar"
      style={
        {
          "height": "24px",
          "width": "24px",
        }
      }
    >
      <img
        alt="eve@blackhat.lair"
        src="/static/eve.jpg"
      />
    </div>
  </div>
</div>
`;
