// Vitest Snapshot v1, https://vitest.dev/guide/snapshot.html

exports[`<AvatarOverlay > renders a overlay avatar 1`] = `
<div
  className="account__avatar-overlay"
  onMouseEnter={[Function]}
  onMouseLeave={[Function]}
  style={
    {
      "height": 46,
      "width": 46,
    }
  }
>
  <div
    className="account__avatar-overlay-base"
  >
    <div
      className="account__avatar account__avatar--loading"
      onMouseEnter={[Function]}
      onMouseLeave={[Function]}
      style={
        {
          "height": "36px",
          "width": "36px",
        }
      }
    />
  </div>
  <div
    className="account__avatar-overlay-overlay"
  >
    <div
      className="account__avatar account__avatar--loading"
      onMouseEnter={[Function]}
      onMouseLeave={[Function]}
      style={
        {
          "height": "24px",
          "width": "24px",
        }
      }
    />
  </div>
</div>
`;
