// Jest Snapshot v1, https://goo.gl/fbAQLP

exports[`<ButtonScrollList /> handles a large number of children correctly 1`] = `
<div
  className="button-scroll-list-container"
>
  <button
    aria-label="Scroll left"
    className="icon-button column-header__setting-btn"
    onClick={[Function]}
  >
    <div>
      MockIcon
    </div>
  </button>
  <div
    className="button-scroll-list"
  >
    <div>
      <div />
    </div>
    <div>
      <div />
    </div>
    <div>
      <div />
    </div>
    <div>
      <div />
    </div>
    <div>
      <div />
    </div>
    <div>
      <div />
    </div>
    <div>
      <div />
    </div>
    <div>
      <div />
    </div>
    <div>
      <div />
    </div>
    <div>
      <div />
    </div>
    <div>
      <div />
    </div>
    <div>
      <div />
    </div>
    <div>
      <div />
    </div>
    <div>
      <div />
    </div>
    <div>
      <div />
    </div>
    <div>
      <div />
    </div>
    <div>
      <div />
    </div>
    <div>
      <div />
    </div>
    <div>
      <div />
    </div>
    <div>
      <div />
    </div>
    <div>
      <div />
    </div>
    <div>
      <div />
    </div>
    <div>
      <div />
    </div>
    <div>
      <div />
    </div>
    <div>
      <div />
    </div>
    <div>
      <div />
    </div>
    <div>
      <div />
    </div>
    <div>
      <div />
    </div>
    <div>
      <div />
    </div>
    <div>
      <div />
    </div>
    <div>
      <div />
    </div>
    <div>
      <div />
    </div>
    <div>
      <div />
    </div>
    <div>
      <div />
    </div>
    <div>
      <div />
    </div>
    <div>
      <div />
    </div>
    <div>
      <div />
    </div>
    <div>
      <div />
    </div>
    <div>
      <div />
    </div>
    <div>
      <div />
    </div>
    <div>
      <div />
    </div>
    <div>
      <div />
    </div>
    <div>
      <div />
    </div>
    <div>
      <div />
    </div>
    <div>
      <div />
    </div>
    <div>
      <div />
    </div>
    <div>
      <div />
    </div>
    <div>
      <div />
    </div>
    <div>
      <div />
    </div>
    <div>
      <div />
    </div>
  </div>
  <button
    aria-label="Scroll right"
    className="icon-button column-header__setting-btn"
    onClick={[Function]}
  >
    <div>
      MockIcon
    </div>
  </button>
</div>
`;

exports[`<ButtonScrollList /> handles a single child correctly 1`] = `
<div
  className="button-scroll-list-container"
>
  <button
    aria-label="Scroll left"
    className="icon-button column-header__setting-btn"
    onClick={[Function]}
  >
    <div>
      MockIcon
    </div>
  </button>
  <div
    className="button-scroll-list"
  >
    <div>
      <div />
    </div>
  </div>
  <button
    aria-label="Scroll right"
    className="icon-button column-header__setting-btn"
    onClick={[Function]}
  >
    <div>
      MockIcon
    </div>
  </button>
</div>
`;

exports[`<ButtonScrollList /> renders an empty button scroll list element 1`] = `null`;

exports[`<ButtonScrollList /> renders the children 1`] = `
<div
  className="button-scroll-list-container"
>
  <button
    aria-label="Scroll left"
    className="icon-button column-header__setting-btn"
    onClick={[Function]}
  >
    <div>
      MockIcon
    </div>
  </button>
  <div
    className="button-scroll-list"
  >
    <div>
      <div />
    </div>
    <div>
      <div />
    </div>
    <div>
      <div />
    </div>
    <div>
      <div />
    </div>
    <div>
      <div />
    </div>
  </div>
  <button
    aria-label="Scroll right"
    className="icon-button column-header__setting-btn"
    onClick={[Function]}
  >
    <div>
      MockIcon
    </div>
  </button>
</div>
`;
