// Jest Snapshot v1, https://goo.gl/fbAQLP

exports[`<DisplayName /> renders display name + account name 1`] = `
<span
  className="display-name"
>
  <strong
    className="display-name__html"
    dangerouslySetInnerHTML={
      Object {
        "__html": "<p>Foo</p>",
      }
    }
  />
   
  <span
    className="display-name__account"
  >
    @
    bar@baz
  </span>
</span>
`;
